Copyright 1986-2022 Xilinx, Inc. All Rights Reserved. Copyright 2022-2026 Advanced Micro Devices, Inc. All Rights Reserved.
---------------------------------------------------------------------------------------------------------------------------------------------------------------------------------------
| Tool Version : Vivado v.2025.2.1 (lin64) Build 6403652 Thu Mar 19 13:47:00 MDT 2026
| Date         : Wed Sep  9 15:19:22 2026
| Host         : localhost.localdomain running 64-bit AlmaLinux 10.2 (Lavender Lion)
| Command      : report_timing_summary -delay_type min_max -report_unconstrained -file /run/media/quan/Samsung/02_DuAn_LapTrinh/github-repo/ntt-mlkem/build/ppa/nodsp_final/timing.rpt
| Design       : ntt_core_top
| Device       : 7a100t-fgg676
| Speed File   : -3  PRODUCTION 1.23 2018-06-13
| Design State : Routed
---------------------------------------------------------------------------------------------------------------------------------------------------------------------------------------

Timing Summary Report

------------------------------------------------------------------------------------------------
| Timer Settings
| --------------
------------------------------------------------------------------------------------------------

  Enable Multi Corner Analysis               :  Yes
  Enable Pessimism Removal                   :  Yes
  Pessimism Removal Resolution               :  Nearest Common Node
  Enable Input Delay Default Clock           :  No
  Enable Preset / Clear Arcs                 :  No
  Disable Flight Delays                      :  No
  Ignore I/O Paths                           :  No
  Timing Early Launch at Borrowing Latches   :  No
  Borrow Time for Max Delay Exceptions       :  Yes
  Merge Timing Exceptions                    :  Yes
  Inter-SLR Compensation                     :  Conservative

  Corner  Analyze    Analyze
  Name    Max Paths  Min Paths
  ------  ---------  ---------
  Slow    Yes        Yes
  Fast    Yes        Yes


------------------------------------------------------------------------------------------------
| Report Methodology
| ------------------
------------------------------------------------------------------------------------------------

No report available as report_methodology has not been run prior. Run report_methodology on the current design for the summary of methodology violations.



check_timing report

Table of Contents
-----------------
1. checking no_clock (0)
2. checking constant_clock (0)
3. checking pulse_width_clock (0)
4. checking unconstrained_internal_endpoints (0)
5. checking no_input_delay (24)
6. checking no_output_delay (14)
7. checking multiple_clock (0)
8. checking generated_clocks (0)
9. checking loops (0)
10. checking partial_input_delay (0)
11. checking partial_output_delay (0)
12. checking latch_loops (0)

1. checking no_clock (0)
------------------------
 There are 0 register/latch pins with no clock.


2. checking constant_clock (0)
------------------------------
 There are 0 register/latch pins with constant_clock.


3. checking pulse_width_clock (0)
---------------------------------
 There are 0 register/latch pins which need pulse_width check


4. checking unconstrained_internal_endpoints (0)
------------------------------------------------
 There are 0 pins that are not constrained for maximum delay.

 There are 0 pins that are not constrained for maximum delay due to constant clock.


5. checking no_input_delay (24)
-------------------------------
 There are 24 input ports with no input delay specified. (HIGH)

 There are 0 input ports with no input delay but user has a false path constraint.


6. checking no_output_delay (14)
--------------------------------
 There are 14 ports with no output delay specified. (HIGH)

 There are 0 ports with no output delay but user has a false path constraint

 There are 0 ports with no output delay but with a timing clock defined on it or propagating through it


7. checking multiple_clock (0)
------------------------------
 There are 0 register/latch pins with multiple clocks.


8. checking generated_clocks (0)
--------------------------------
 There are 0 generated clocks that are not connected to a clock source.


9. checking loops (0)
---------------------
 There are 0 combinational loops in the design.


10. checking partial_input_delay (0)
------------------------------------
 There are 0 input ports with partial input delay specified.


11. checking partial_output_delay (0)
-------------------------------------
 There are 0 ports with partial output delay specified.


12. checking latch_loops (0)
----------------------------
 There are 0 combinational latch loops in the design through latch input



------------------------------------------------------------------------------------------------
| Design Timing Summary
| ---------------------
------------------------------------------------------------------------------------------------

    WNS(ns)      TNS(ns)  TNS Failing Endpoints  TNS Total Endpoints      WHS(ns)      THS(ns)  THS Failing Endpoints  THS Total Endpoints     WPWS(ns)     TPWS(ns)  TPWS Failing Endpoints  TPWS Total Endpoints
    -------      -------  ---------------------  -------------------      -------      -------  ---------------------  -------------------     --------     --------  ----------------------  --------------------
      0.152        0.000                      0                 1578        0.078        0.000                      0                 1578        1.450        0.000                       0                   491


All user specified timing constraints are met.


------------------------------------------------------------------------------------------------
| Clock Summary
| -------------
------------------------------------------------------------------------------------------------

Clock    Waveform(ns)         Period(ns)      Frequency(MHz)
-----    ------------         ----------      --------------
sys_clk  {0.000 2.500}        5.000           200.000


------------------------------------------------------------------------------------------------
| Intra Clock Table
| -----------------
------------------------------------------------------------------------------------------------

Clock             WNS(ns)      TNS(ns)  TNS Failing Endpoints  TNS Total Endpoints      WHS(ns)      THS(ns)  THS Failing Endpoints  THS Total Endpoints     WPWS(ns)     TPWS(ns)  TPWS Failing Endpoints  TPWS Total Endpoints
-----             -------      -------  ---------------------  -------------------      -------      -------  ---------------------  -------------------     --------     --------  ----------------------  --------------------
sys_clk             0.152        0.000                      0                 1578        0.078        0.000                      0                 1578        1.450        0.000                       0                   491


------------------------------------------------------------------------------------------------
| Inter Clock Table
| -----------------
------------------------------------------------------------------------------------------------

From Clock    To Clock          WNS(ns)      TNS(ns)  TNS Failing Endpoints  TNS Total Endpoints      WHS(ns)      THS(ns)  THS Failing Endpoints  THS Total Endpoints
----------    --------          -------      -------  ---------------------  -------------------      -------      -------  ---------------------  -------------------


------------------------------------------------------------------------------------------------
| Other Path Groups Table
| -----------------------
------------------------------------------------------------------------------------------------

Path Group    From Clock    To Clock          WNS(ns)      TNS(ns)  TNS Failing Endpoints  TNS Total Endpoints      WHS(ns)      THS(ns)  THS Failing Endpoints  THS Total Endpoints
----------    ----------    --------          -------      -------  ---------------------  -------------------      -------      -------  ---------------------  -------------------


------------------------------------------------------------------------------------------------
| User Ignored Path Table
| -----------------------
------------------------------------------------------------------------------------------------

Path Group    From Clock    To Clock
----------    ----------    --------


------------------------------------------------------------------------------------------------
| Unconstrained Path Table
| ------------------------
------------------------------------------------------------------------------------------------

Path Group    From Clock    To Clock
----------    ----------    --------
(none)
(none)        sys_clk
(none)                      sys_clk


------------------------------------------------------------------------------------------------
| Timing Details
| --------------
------------------------------------------------------------------------------------------------


---------------------------------------------------------------------------------------------------
From Clock:  sys_clk
  To Clock:  sys_clk

Setup :            0  Failing Endpoints,  Worst Slack        0.152ns,  Total Violation        0.000ns
Hold  :            0  Failing Endpoints,  Worst Slack        0.078ns,  Total Violation        0.000ns
PW    :            0  Failing Endpoints,  Worst Slack        1.450ns,  Total Violation        0.000ns
---------------------------------------------------------------------------------------------------


Max Delay Paths
--------------------------------------------------------------------------------------
Slack (MET) :             0.152ns  (required time - arrival time)
  Source:                 u_bf/u_mul/a_reg_reg[2]/C
                            (rising edge-triggered cell FDRE clocked by sys_clk  {rise@0.000ns fall@2.500ns period=5.000ns})
  Destination:            u_bf/u_mul/t_reg_reg[23]/D
                            (rising edge-triggered cell FDRE clocked by sys_clk  {rise@0.000ns fall@2.500ns period=5.000ns})
  Path Group:             sys_clk
  Path Type:              Setup (Max at Slow Process Corner)
  Requirement:            5.000ns  (sys_clk rise@5.000ns - sys_clk rise@0.000ns)
  Data Path Delay:        4.863ns  (logic 2.312ns (47.544%)  route 2.551ns (52.456%))
  Logic Levels:           10  (CARRY4=5 LUT3=1 LUT5=1 LUT6=3)
  Clock Path Skew:        -0.044ns (DCD - SCD + CPR)
    Destination Clock Delay (DCD):    1.157ns = ( 6.157 - 5.000 )
    Source Clock Delay      (SCD):    1.261ns
    Clock Pessimism Removal (CPR):    0.060ns
  Clock Uncertainty:      0.035ns  ((TSJ^2 + TIJ^2)^1/2 + DJ) / 2 + PE
    Total System Jitter     (TSJ):    0.071ns
    Total Input Jitter      (TIJ):    0.000ns
    Discrete Jitter          (DJ):    0.000ns
    Phase Error              (PE):    0.000ns

    Location             Delay type                Incr(ns)  Path(ns)    Netlist Resource(s)
  -------------------------------------------------------------------    -------------------
                         (clock sys_clk rise edge)    0.000     0.000 r
                                                      0.000     0.000 r  clk (IN)
                         net (fo=490, unset)          1.261     1.261    u_bf/u_mul/clk
    SLICE_X15Y51         FDRE                                         r  u_bf/u_mul/a_reg_reg[2]/C
  -------------------------------------------------------------------    -------------------
    SLICE_X15Y51         FDRE (Prop_fdre_C_Q)         0.341     1.602 r  u_bf/u_mul/a_reg_reg[2]/Q
                         net (fo=24, routed)          0.739     2.341    u_bf/u_mul/a_reg[2]
    SLICE_X11Y51         LUT6 (Prop_lut6_I1_O)        0.097     2.438 r  u_bf/u_mul/t_reg[15]_i_49/O
                         net (fo=2, routed)           0.420     2.859    u_bf/u_mul/t_reg[15]_i_49_n_0
    SLICE_X9Y51          LUT6 (Prop_lut6_I0_O)        0.097     2.956 r  u_bf/u_mul/t_reg[15]_i_53/O
                         net (fo=1, routed)           0.000     2.956    u_bf/u_mul/t_reg[15]_i_53_n_0
    SLICE_X9Y51          CARRY4 (Prop_carry4_S[1]_CO[3])
                                                      0.412     3.368 r  u_bf/u_mul/t_reg_reg[15]_i_18/CO[3]
                         net (fo=1, routed)           0.000     3.368    u_bf/u_mul/t_reg_reg[15]_i_18_n_0
    SLICE_X9Y52          CARRY4 (Prop_carry4_CI_O[2])
                                                      0.181     3.549 r  u_bf/u_mul/t_reg_reg[19]_i_13/O[2]
                         net (fo=3, routed)           0.586     4.135    u_bf/u_mul/t_reg_reg[19]_i_13_n_5
    SLICE_X11Y54         LUT3 (Prop_lut3_I0_O)        0.230     4.365 r  u_bf/u_mul/t_reg[15]_i_13/O
                         net (fo=2, routed)           0.590     4.955    u_bf/u_mul/t_reg[15]_i_13_n_0
    SLICE_X11Y55         LUT5 (Prop_lut5_I1_O)        0.099     5.054 r  u_bf/u_mul/t_reg[15]_i_3/O
                         net (fo=2, routed)           0.215     5.269    u_bf/u_mul/t_reg[15]_i_3_n_0
    SLICE_X10Y54         LUT6 (Prop_lut6_I0_O)        0.240     5.509 r  u_bf/u_mul/t_reg[15]_i_7/O
                         net (fo=1, routed)           0.000     5.509    u_bf/u_mul/t_reg[15]_i_7_n_0
    SLICE_X10Y54         CARRY4 (Prop_carry4_S[2]_CO[3])
                                                      0.286     5.795 r  u_bf/u_mul/t_reg_reg[15]_i_1/CO[3]
                         net (fo=1, routed)           0.000     5.795    u_bf/u_mul/t_reg_reg[15]_i_1_n_0
    SLICE_X10Y55         CARRY4 (Prop_carry4_CI_CO[3])
                                                      0.092     5.887 r  u_bf/u_mul/t_reg_reg[19]_i_1/CO[3]
                         net (fo=1, routed)           0.000     5.887    u_bf/u_mul/t_reg_reg[19]_i_1_n_0
    SLICE_X10Y56         CARRY4 (Prop_carry4_CI_O[3])
                                                      0.237     6.124 r  u_bf/u_mul/t_reg_reg[23]_i_1/O[3]
                         net (fo=1, routed)           0.000     6.124    u_bf/u_mul/t_comb[23]
    SLICE_X10Y56         FDRE                                         r  u_bf/u_mul/t_reg_reg[23]/D
  -------------------------------------------------------------------    -------------------

                         (clock sys_clk rise edge)    5.000     5.000 r
                                                      0.000     5.000 r  clk (IN)
                         net (fo=490, unset)          1.157     6.157    u_bf/u_mul/clk
    SLICE_X10Y56         FDRE                                         r  u_bf/u_mul/t_reg_reg[23]/C
                         clock pessimism              0.060     6.217
                         clock uncertainty           -0.035     6.182
    SLICE_X10Y56         FDRE (Setup_fdre_C_D)        0.094     6.276    u_bf/u_mul/t_reg_reg[23]
  -------------------------------------------------------------------
                         required time                          6.276
                         arrival time                          -6.124
  -------------------------------------------------------------------
                         slack                                  0.152





Min Delay Paths
--------------------------------------------------------------------------------------
Slack (MET) :             0.078ns  (arrival time - required time)
  Source:                 afifo_wptr_reg[0]/C
                            (rising edge-triggered cell FDRE clocked by sys_clk  {rise@0.000ns fall@2.500ns period=5.000ns})
  Destination:            afifo_a_reg_0_15_0_5/RAMA/WADR0
                            (rising edge-triggered cell RAMD32 clocked by sys_clk  {rise@0.000ns fall@2.500ns period=5.000ns})
  Path Group:             sys_clk
  Path Type:              Hold (Min at Fast Process Corner)
  Requirement:            0.000ns  (sys_clk rise@0.000ns - sys_clk rise@0.000ns)
  Data Path Delay:        0.427ns  (logic 0.141ns (33.019%)  route 0.286ns (66.981%))
  Logic Levels:           0
  Clock Path Skew:        0.039ns (DCD - SCD - CPR)
    Destination Clock Delay (DCD):    0.871ns
    Source Clock Delay      (SCD):    0.598ns
    Clock Pessimism Removal (CPR):    0.234ns

    Location             Delay type                Incr(ns)  Path(ns)    Netlist Resource(s)
  -------------------------------------------------------------------    -------------------
                         (clock sys_clk rise edge)    0.000     0.000 r
                                                      0.000     0.000 r  clk (IN)
                         net (fo=490, unset)          0.598     0.598    clk
    SLICE_X4Y63          FDRE                                         r  afifo_wptr_reg[0]/C
  -------------------------------------------------------------------    -------------------
    SLICE_X4Y63          FDRE (Prop_fdre_C_Q)         0.141     0.739 r  afifo_wptr_reg[0]/Q
                         net (fo=31, routed)          0.286     1.025    afifo_a_reg_0_15_0_5/ADDRD0
    SLICE_X2Y64          RAMD32                                       r  afifo_a_reg_0_15_0_5/RAMA/WADR0
  -------------------------------------------------------------------    -------------------

                         (clock sys_clk rise edge)    0.000     0.000 r
                                                      0.000     0.000 r  clk (IN)
                         net (fo=490, unset)          0.871     0.871    afifo_a_reg_0_15_0_5/WCLK
    SLICE_X2Y64          RAMD32                                       r  afifo_a_reg_0_15_0_5/RAMA/CLK
                         clock pessimism             -0.234     0.637
    SLICE_X2Y64          RAMD32 (Hold_ramd32_CLK_WADR0)
                                                      0.310     0.947    afifo_a_reg_0_15_0_5/RAMA
  -------------------------------------------------------------------
                         required time                         -0.947
                         arrival time                           1.025
  -------------------------------------------------------------------
                         slack                                  0.078





Pulse Width Checks
--------------------------------------------------------------------------------------
Clock Name:         sys_clk
Waveform(ns):       { 0.000 2.500 }
Period(ns):         5.000
Sources:            { clk }

Check Type        Corner  Lib Pin     Reference Pin  Required(ns)  Actual(ns)  Slack(ns)  Location     Pin
Min Period        n/a     FDRE/C      n/a            1.000         5.000       4.000      SLICE_X3Y65  afifo_rptr_reg[0]/C
Low Pulse Width   Slow    RAMD32/CLK  n/a            1.050         2.500       1.450      SLICE_X2Y64  afifo_a_reg_0_15_0_5/RAMA/CLK
High Pulse Width  Slow    RAMD32/CLK  n/a            1.050         2.500       1.450      SLICE_X2Y64  afifo_a_reg_0_15_0_5/RAMA/CLK



--------------------------------------------------------------------------------------
Path Group:  (none)
From Clock:
  To Clock:

Max Delay            12 Endpoints
Min Delay            12 Endpoints
--------------------------------------------------------------------------------------


Max Delay Paths
--------------------------------------------------------------------------------------
Slack:                    inf
  Source:                 ext_addr[2]
                            (input port)
  Destination:            ext_dout[3]
                            (output port)
  Path Group:             (none)
  Path Type:              Max at Slow Process Corner
  Data Path Delay:        3.766ns  (logic 0.433ns (11.498%)  route 3.333ns (88.502%))
  Logic Levels:           3  (LUT3=1 LUT6=1 RAMD64E=1)

    Location             Delay type                Incr(ns)  Path(ns)    Netlist Resource(s)
  -------------------------------------------------------------------    -------------------
                                                      0.000     0.000 r  ext_addr[2] (IN)
                         net (fo=4, unset)            0.704     0.704    u_agu/ext_addr[2]
    SLICE_X3Y61          LUT3 (Prop_lut3_I2_O)        0.097     0.801 r  u_agu/bank1_reg_r1_0_63_0_2_i_8/O
                         net (fo=48, routed)          1.017     1.818    u_mem/bank0_reg_r1_0_63_3_5/ADDRA2
    SLICE_X10Y58         RAMD64E (Prop_ramd64e_RADR2_O)
                                                      0.239     2.057 r  u_mem/bank0_reg_r1_0_63_3_5/RAMA/O
                         net (fo=1, routed)           0.908     2.965    u_mem/bank0_reg_r1_0_63_3_5_n_0
    SLICE_X12Y62         LUT6 (Prop_lut6_I0_O)        0.097     3.062 r  u_mem/ext_dout[3]_INST_0/O
                         net (fo=1, unset)            0.704     3.766    ext_dout[3]
                                                                      r  ext_dout[3] (OUT)
  -------------------------------------------------------------------    -------------------





Min Delay Paths
--------------------------------------------------------------------------------------
Slack:                    inf
  Source:                 ext_addr[7]
                            (input port)
  Destination:            ext_dout[1]
                            (output port)
  Path Group:             (none)
  Path Type:              Min at Fast Process Corner
  Data Path Delay:        1.095ns  (logic 0.090ns (8.219%)  route 1.005ns (91.781%))
  Logic Levels:           2  (LUT6=2)

    Location             Delay type                Incr(ns)  Path(ns)    Netlist Resource(s)
  -------------------------------------------------------------------    -------------------
                                                      0.000     0.000 r  ext_addr[7] (IN)
                         net (fo=1, unset)            0.411     0.411    u_agu/ext_addr[6]
    SLICE_X2Y62          LUT6 (Prop_lut6_I3_O)        0.045     0.456 r  u_agu/ext_dout[11]_INST_0_i_1/O
                         net (fo=12, routed)          0.184     0.639    u_mem/a_st1_reg[0]
    SLICE_X7Y60          LUT6 (Prop_lut6_I2_O)        0.045     0.684 r  u_mem/ext_dout[1]_INST_0/O
                         net (fo=1, unset)            0.411     1.095    ext_dout[1]
                                                                      r  ext_dout[1] (OUT)
  -------------------------------------------------------------------    -------------------





--------------------------------------------------------------------------------------
Path Group:  (none)
From Clock:  sys_clk
  To Clock:

Max Delay            14 Endpoints
Min Delay            14 Endpoints
--------------------------------------------------------------------------------------


Max Delay Paths
--------------------------------------------------------------------------------------
Slack:                    inf
  Source:                 done_delay_reg[4]/C
                            (rising edge-triggered cell FDRE clocked by sys_clk  {rise@0.000ns fall@2.500ns period=5.000ns})
  Destination:            ext_dout[5]
                            (output port)
  Path Group:             (none)
  Path Type:              Max at Slow Process Corner
  Data Path Delay:        5.231ns  (logic 0.826ns (15.790%)  route 4.405ns (84.210%))
  Logic Levels:           5  (LUT3=1 LUT5=1 LUT6=2 RAMD64E=1)
  Clock Uncertainty:      0.025ns  ((TSJ^2 + TIJ^2)^1/2 + DJ) / 2 + PE
    Total System Jitter     (TSJ):    0.050ns
    Total Input Jitter      (TIJ):    0.000ns
    Discrete Jitter          (DJ):    0.000ns
    Phase Error              (PE):    0.000ns

    Location             Delay type                Incr(ns)  Path(ns)    Netlist Resource(s)
  -------------------------------------------------------------------    -------------------
                         (clock sys_clk rise edge)    0.000     0.000 r
                                                      0.000     0.000 r  clk (IN)
                         net (fo=490, unset)          1.318     1.318    clk
    SLICE_X0Y61          FDRE                                         r  done_delay_reg[4]/C
  -------------------------------------------------------------------    -------------------
    SLICE_X0Y61          FDRE (Prop_fdre_C_Q)         0.341     1.659 r  done_delay_reg[4]/Q
                         net (fo=2, routed)           0.733     2.392    u_controller/busy_INST_0_i_1_0[4]
    SLICE_X0Y61          LUT6 (Prop_lut6_I3_O)        0.097     2.489 r  u_controller/busy_INST_0_i_2/O
                         net (fo=1, routed)           0.316     2.804    u_controller/busy_INST_0_i_2_n_0
    SLICE_X0Y61          LUT5 (Prop_lut5_I4_O)        0.097     2.901 r  u_controller/busy_INST_0_i_1/O
                         net (fo=70, routed)          0.597     3.498    u_agu/b_st1_reg[0]
    SLICE_X2Y62          LUT3 (Prop_lut3_I1_O)        0.097     3.595 r  u_agu/bank1_reg_r1_0_63_0_2_i_9/O
                         net (fo=48, routed)          1.139     4.734    u_mem/bank0_reg_r1_0_63_3_5/ADDRC1
    SLICE_X10Y58         RAMD64E (Prop_ramd64e_RADR1_O)
                                                      0.097     4.831 r  u_mem/bank0_reg_r1_0_63_3_5/RAMC/O
                         net (fo=1, routed)           0.917     5.748    u_mem/bank0_reg_r1_0_63_3_5_n_2
    SLICE_X12Y62         LUT6 (Prop_lut6_I0_O)        0.097     5.845 r  u_mem/ext_dout[5]_INST_0/O
                         net (fo=1, unset)            0.704     6.549    ext_dout[5]
                                                                      r  ext_dout[5] (OUT)
  -------------------------------------------------------------------    -------------------





Min Delay Paths
--------------------------------------------------------------------------------------
Slack:                    inf
  Source:                 done_delay_reg[8]/C
                            (rising edge-triggered cell FDRE clocked by sys_clk  {rise@0.000ns fall@2.500ns period=5.000ns})
  Destination:            done
                            (output port)
  Path Group:             (none)
  Path Type:              Min at Fast Process Corner
  Data Path Delay:        0.552ns  (logic 0.141ns (25.556%)  route 0.411ns (74.444%))
  Logic Levels:           0
  Clock Uncertainty:      0.025ns  ((TSJ^2 + TIJ^2)^1/2 + DJ) / 2 + PE
    Total System Jitter     (TSJ):    0.050ns
    Total Input Jitter      (TIJ):    0.000ns
    Discrete Jitter          (DJ):    0.000ns
    Phase Error              (PE):    0.000ns

    Location             Delay type                Incr(ns)  Path(ns)    Netlist Resource(s)
  -------------------------------------------------------------------    -------------------
                         (clock sys_clk rise edge)    0.000     0.000 r
                                                      0.000     0.000 r  clk (IN)
                         net (fo=490, unset)          0.600     0.600    clk
    SLICE_X0Y62          FDRE                                         r  done_delay_reg[8]/C
  -------------------------------------------------------------------    -------------------
    SLICE_X0Y62          FDRE (Prop_fdre_C_Q)         0.141     0.741 r  done_delay_reg[8]/Q
                         net (fo=0)                   0.411     1.152    done
                                                                      r  done (OUT)
  -------------------------------------------------------------------    -------------------





--------------------------------------------------------------------------------------
Path Group:  (none)
From Clock:
  To Clock:  sys_clk

Max Delay          1298 Endpoints
Min Delay          1298 Endpoints
--------------------------------------------------------------------------------------


Max Delay Paths
--------------------------------------------------------------------------------------
Slack:                    inf
  Source:                 ext_addr[5]
                            (input port)
  Destination:            u_mem/bank1_reg_r2_64_127_3_5/RAMA/WADR1
                            (rising edge-triggered cell RAMD64E clocked by sys_clk  {rise@0.000ns fall@2.500ns period=5.000ns})
  Path Group:             (none)
  Path Type:              Setup (Max at Slow Process Corner)
  Data Path Delay:        3.259ns  (logic 0.388ns (11.904%)  route 2.871ns (88.096%))
  Logic Levels:           4  (LUT5=2 LUT6=2)
  Clock Path Skew:        1.154ns (DCD - SCD + CPR)
    Destination Clock Delay (DCD):    1.154ns
    Source Clock Delay      (SCD):    0.000ns
    Clock Pessimism Removal (CPR):    0.000ns
  Clock Uncertainty:      0.025ns  ((TSJ^2 + TIJ^2)^1/2 + DJ) / 2 + PE
    Total System Jitter     (TSJ):    0.050ns
    Total Input Jitter      (TIJ):    0.000ns
    Discrete Jitter          (DJ):    0.000ns
    Phase Error              (PE):    0.000ns

    Location             Delay type                Incr(ns)  Path(ns)    Netlist Resource(s)
  -------------------------------------------------------------------    -------------------
                                                      0.000     0.000 r  ext_addr[5] (IN)
                         net (fo=4, unset)            0.704     0.704    u_controller/ext_addr[5]
    SLICE_X1Y64          LUT5 (Prop_lut5_I4_O)        0.097     0.801 r  u_controller/bank1_reg_r1_0_63_0_2_i_25/O
                         net (fo=1, routed)           0.174     0.975    u_controller/bank1_reg_r1_0_63_0_2_i_25_n_0
    SLICE_X1Y64          LUT6 (Prop_lut6_I5_O)        0.097     1.072 r  u_controller/bank1_reg_r1_0_63_0_2_i_21/O
                         net (fo=2, routed)           0.312     1.385    u_controller/bank1_reg_r1_0_63_0_2_i_21_n_0
    SLICE_X5Y63          LUT6 (Prop_lut6_I3_O)        0.097     1.482 r  u_controller/bank1_reg_r1_0_63_0_2_i_17/O
                         net (fo=20, routed)          0.501     1.983    u_controller/valid_o_reg_0
    SLICE_X4Y65          LUT5 (Prop_lut5_I1_O)        0.097     2.080 r  u_controller/bank1_reg_r1_0_63_0_2_i_15/O
                         net (fo=80, routed)          1.180     3.259    u_mem/bank1_reg_r2_64_127_3_5/ADDRD1
    SLICE_X12Y61         RAMD64E                                      r  u_mem/bank1_reg_r2_64_127_3_5/RAMA/WADR1
  -------------------------------------------------------------------    -------------------

                         (clock sys_clk rise edge)    0.000     0.000 r
                                                      0.000     0.000 r  clk (IN)
                         net (fo=490, unset)          1.154     1.154    u_mem/bank1_reg_r2_64_127_3_5/WCLK
    SLICE_X12Y61         RAMD64E                                      r  u_mem/bank1_reg_r2_64_127_3_5/RAMA/CLK





Min Delay Paths
--------------------------------------------------------------------------------------
Slack:                    inf
  Source:                 start
                            (input port)
  Destination:            start_d_reg/D
                            (rising edge-triggered cell FDRE clocked by sys_clk  {rise@0.000ns fall@2.500ns period=5.000ns})
  Path Group:             (none)
  Path Type:              Hold (Min at Fast Process Corner)
  Data Path Delay:        0.411ns  (logic 0.000ns (0.000%)  route 0.411ns (100.000%))
  Logic Levels:           0
  Clock Path Skew:        0.871ns (DCD - SCD - CPR)
    Destination Clock Delay (DCD):    0.871ns
    Source Clock Delay      (SCD):    0.000ns
    Clock Pessimism Removal (CPR):    -0.000ns

    Location             Delay type                Incr(ns)  Path(ns)    Netlist Resource(s)
  -------------------------------------------------------------------    -------------------
                                                      0.000     0.000 r  start (IN)
                         net (fo=2, unset)            0.411     0.411    start
    SLICE_X5Y60          FDRE                                         r  start_d_reg/D
  -------------------------------------------------------------------    -------------------

                         (clock sys_clk rise edge)    0.000     0.000 r
                                                      0.000     0.000 r  clk (IN)
                         net (fo=490, unset)          0.871     0.871    clk
    SLICE_X5Y60          FDRE                                         r  start_d_reg/C
