Copyright 1986-2022 Xilinx, Inc. All Rights Reserved. Copyright 2022-2026 Advanced Micro Devices, Inc. All Rights Reserved.
---------------------------------------------------------------------------------------------------------------------------------------------------------------------------------
| Tool Version : Vivado v.2025.2.1 (lin64) Build 6403652 Thu Mar 19 13:47:00 MDT 2026
| Date         : Wed Sep  9 14:11:47 2026
| Host         : localhost.localdomain running 64-bit AlmaLinux 10.2 (Lavender Lion)
| Command      : report_timing_summary -delay_type min_max -report_unconstrained -file /run/media/quan/Samsung/02_DuAn_LapTrinh/github-repo/ntt-mlkem/build/ppa/final/timing.rpt
| Design       : ntt_core_top
| Device       : 7a100t-fgg676
| Speed File   : -3  PRODUCTION 1.23 2018-06-13
| Design State : Routed
---------------------------------------------------------------------------------------------------------------------------------------------------------------------------------

Timing Summary Report

------------------------------------------------------------------------------------------------
| Timer Settings
| --------------
------------------------------------------------------------------------------------------------

  Enable Multi Corner Analysis               :  Yes
  Enable Pessimism Removal                   :  Yes
  Pessimism Removal Resolution               :  Nearest Common Node
  Enable Input Delay Default Clock           :  No
  Enable Preset / Clear Arcs                 :  No
  Disable Flight Delays                      :  No
  Ignore I/O Paths                           :  No
  Timing Early Launch at Borrowing Latches   :  No
  Borrow Time for Max Delay Exceptions       :  Yes
  Merge Timing Exceptions                    :  Yes
  Inter-SLR Compensation                     :  Conservative

  Corner  Analyze    Analyze
  Name    Max Paths  Min Paths
  ------  ---------  ---------
  Slow    Yes        Yes
  Fast    Yes        Yes


------------------------------------------------------------------------------------------------
| Report Methodology
| ------------------
------------------------------------------------------------------------------------------------

No report available as report_methodology has not been run prior. Run report_methodology on the current design for the summary of methodology violations.



check_timing report

Table of Contents
-----------------
1. checking no_clock (0)
2. checking constant_clock (0)
3. checking pulse_width_clock (0)
4. checking unconstrained_internal_endpoints (0)
5. checking no_input_delay (24)
6. checking no_output_delay (14)
7. checking multiple_clock (0)
8. checking generated_clocks (0)
9. checking loops (0)
10. checking partial_input_delay (0)
11. checking partial_output_delay (0)
12. checking latch_loops (0)

1. checking no_clock (0)
------------------------
 There are 0 register/latch pins with no clock.


2. checking constant_clock (0)
------------------------------
 There are 0 register/latch pins with constant_clock.


3. checking pulse_width_clock (0)
---------------------------------
 There are 0 register/latch pins which need pulse_width check


4. checking unconstrained_internal_endpoints (0)
------------------------------------------------
 There are 0 pins that are not constrained for maximum delay.

 There are 0 pins that are not constrained for maximum delay due to constant clock.


5. checking no_input_delay (24)
-------------------------------
 There are 24 input ports with no input delay specified. (HIGH)

 There are 0 input ports with no input delay but user has a false path constraint.


6. checking no_output_delay (14)
--------------------------------
 There are 14 ports with no output delay specified. (HIGH)

 There are 0 ports with no output delay but user has a false path constraint

 There are 0 ports with no output delay but with a timing clock defined on it or propagating through it


7. checking multiple_clock (0)
------------------------------
 There are 0 register/latch pins with multiple clocks.


8. checking generated_clocks (0)
--------------------------------
 There are 0 generated clocks that are not connected to a clock source.


9. checking loops (0)
---------------------
 There are 0 combinational loops in the design.


10. checking partial_input_delay (0)
------------------------------------
 There are 0 input ports with partial input delay specified.


11. checking partial_output_delay (0)
-------------------------------------
 There are 0 ports with partial output delay specified.


12. checking latch_loops (0)
----------------------------
 There are 0 combinational latch loops in the design through latch input



------------------------------------------------------------------------------------------------
| Design Timing Summary
| ---------------------
------------------------------------------------------------------------------------------------

    WNS(ns)      TNS(ns)  TNS Failing Endpoints  TNS Total Endpoints      WHS(ns)      THS(ns)  THS Failing Endpoints  THS Total Endpoints     WPWS(ns)     TPWS(ns)  TPWS Failing Endpoints  TPWS Total Endpoints
    -------      -------  ---------------------  -------------------      -------      -------  ---------------------  -------------------     --------     --------  ----------------------  --------------------
      0.226        0.000                      0                 1562        0.113        0.000                      0                 1562        1.450        0.000                       0                   438


All user specified timing constraints are met.


------------------------------------------------------------------------------------------------
| Clock Summary
| -------------
------------------------------------------------------------------------------------------------

Clock    Waveform(ns)         Period(ns)      Frequency(MHz)
-----    ------------         ----------      --------------
sys_clk  {0.000 2.500}        5.000           200.000


------------------------------------------------------------------------------------------------
| Intra Clock Table
| -----------------
------------------------------------------------------------------------------------------------

Clock             WNS(ns)      TNS(ns)  TNS Failing Endpoints  TNS Total Endpoints      WHS(ns)      THS(ns)  THS Failing Endpoints  THS Total Endpoints     WPWS(ns)     TPWS(ns)  TPWS Failing Endpoints  TPWS Total Endpoints
-----             -------      -------  ---------------------  -------------------      -------      -------  ---------------------  -------------------     --------     --------  ----------------------  --------------------
sys_clk             0.226        0.000                      0                 1562        0.113        0.000                      0                 1562        1.450        0.000                       0                   438


------------------------------------------------------------------------------------------------
| Inter Clock Table
| -----------------
------------------------------------------------------------------------------------------------

From Clock    To Clock          WNS(ns)      TNS(ns)  TNS Failing Endpoints  TNS Total Endpoints      WHS(ns)      THS(ns)  THS Failing Endpoints  THS Total Endpoints
----------    --------          -------      -------  ---------------------  -------------------      -------      -------  ---------------------  -------------------


------------------------------------------------------------------------------------------------
| Other Path Groups Table
| -----------------------
------------------------------------------------------------------------------------------------

Path Group    From Clock    To Clock          WNS(ns)      TNS(ns)  TNS Failing Endpoints  TNS Total Endpoints      WHS(ns)      THS(ns)  THS Failing Endpoints  THS Total Endpoints
----------    ----------    --------          -------      -------  ---------------------  -------------------      -------      -------  ---------------------  -------------------


------------------------------------------------------------------------------------------------
| User Ignored Path Table
| -----------------------
------------------------------------------------------------------------------------------------

Path Group    From Clock    To Clock
----------    ----------    --------


------------------------------------------------------------------------------------------------
| Unconstrained Path Table
| ------------------------
------------------------------------------------------------------------------------------------

Path Group    From Clock    To Clock
----------    ----------    --------
(none)
(none)        sys_clk
(none)                      sys_clk


------------------------------------------------------------------------------------------------
| Timing Details
| --------------
------------------------------------------------------------------------------------------------


---------------------------------------------------------------------------------------------------
From Clock:  sys_clk
  To Clock:  sys_clk

Setup :            0  Failing Endpoints,  Worst Slack        0.226ns,  Total Violation        0.000ns
Hold  :            0  Failing Endpoints,  Worst Slack        0.113ns,  Total Violation        0.000ns
PW    :            0  Failing Endpoints,  Worst Slack        1.450ns,  Total Violation        0.000ns
---------------------------------------------------------------------------------------------------


Max Delay Paths
--------------------------------------------------------------------------------------
Slack (MET) :             0.226ns  (required time - arrival time)
  Source:                 afifo_rptr_reg[1]/C
                            (rising edge-triggered cell FDRE clocked by sys_clk  {rise@0.000ns fall@2.500ns period=5.000ns})
  Destination:            u_mem/bank0_reg_r2_64_127_6_8/RAMA/WADR1
                            (rising edge-triggered cell RAMD64E clocked by sys_clk  {rise@0.000ns fall@2.500ns period=5.000ns})
  Path Group:             sys_clk
  Path Type:              Setup (Max at Slow Process Corner)
  Requirement:            5.000ns  (sys_clk rise@5.000ns - sys_clk rise@0.000ns)
  Data Path Delay:        4.767ns  (logic 1.061ns (22.257%)  route 3.706ns (77.743%))
  Logic Levels:           5  (LUT5=2 LUT6=2 RAMD32=1)
  Clock Path Skew:        -0.043ns (DCD - SCD + CPR)
    Destination Clock Delay (DCD):    1.145ns = ( 6.145 - 5.000 )
    Source Clock Delay      (SCD):    1.248ns
    Clock Pessimism Removal (CPR):    0.060ns
  Clock Uncertainty:      0.035ns  ((TSJ^2 + TIJ^2)^1/2 + DJ) / 2 + PE
    Total System Jitter     (TSJ):    0.071ns
    Total Input Jitter      (TIJ):    0.000ns
    Discrete Jitter          (DJ):    0.000ns
    Phase Error              (PE):    0.000ns

    Location             Delay type                Incr(ns)  Path(ns)    Netlist Resource(s)
  -------------------------------------------------------------------    -------------------
                         (clock sys_clk rise edge)    0.000     0.000 r
                                                      0.000     0.000 r  clk (IN)
                         net (fo=437, unset)          1.248     1.248    clk
    SLICE_X11Y70         FDRE                                         r  afifo_rptr_reg[1]/C
  -------------------------------------------------------------------    -------------------
    SLICE_X11Y70         FDRE (Prop_fdre_C_Q)         0.313     1.561 r  afifo_rptr_reg[1]/Q
                         net (fo=22, routed)          0.771     2.332    afifo_a_reg_0_15_0_5/ADDRC1
    SLICE_X10Y71         RAMD32 (Prop_ramd32_RADR1_O)
                                                      0.218     2.550 r  afifo_a_reg_0_15_0_5/RAMC/O
                         net (fo=3, routed)           0.703     3.253    u_controller/wb_addr_a[4]
    SLICE_X11Y73         LUT5 (Prop_lut5_I0_O)        0.239     3.492 r  u_controller/bank1_reg_r1_0_63_0_2_i_24/O
                         net (fo=1, routed)           0.093     3.585    u_controller/bank1_reg_r1_0_63_0_2_i_24_n_0
    SLICE_X11Y73         LUT6 (Prop_lut6_I5_O)        0.097     3.682 r  u_controller/bank1_reg_r1_0_63_0_2_i_20/O
                         net (fo=2, routed)           0.316     3.998    u_controller/bank1_reg_r1_0_63_0_2_i_20_n_0
    SLICE_X11Y74         LUT6 (Prop_lut6_I3_O)        0.097     4.095 r  u_controller/bank0_reg_r1_0_63_0_2_i_11/O
                         net (fo=21, routed)          0.627     4.721    u_controller/valid_o_reg_0
    SLICE_X7Y73          LUT5 (Prop_lut5_I1_O)        0.097     4.818 r  u_controller/bank0_reg_r1_0_63_0_2_i_9/O
                         net (fo=80, routed)          1.197     6.015    u_mem/bank0_reg_r2_64_127_6_8/ADDRD1
    SLICE_X10Y77         RAMD64E                                      r  u_mem/bank0_reg_r2_64_127_6_8/RAMA/WADR1
  -------------------------------------------------------------------    -------------------

                         (clock sys_clk rise edge)    5.000     5.000 r
                                                      0.000     5.000 r  clk (IN)
                         net (fo=437, unset)          1.145     6.145    u_mem/bank0_reg_r2_64_127_6_8/WCLK
    SLICE_X10Y77         RAMD64E                                      r  u_mem/bank0_reg_r2_64_127_6_8/RAMA/CLK
                         clock pessimism              0.060     6.205
                         clock uncertainty           -0.035     6.170
    SLICE_X10Y77         RAMD64E (Setup_ramd64e_CLK_WADR1)
                                                      0.071     6.241    u_mem/bank0_reg_r2_64_127_6_8/RAMA
  -------------------------------------------------------------------
                         required time                          6.241
                         arrival time                          -6.015
  -------------------------------------------------------------------
                         slack                                  0.226





Min Delay Paths
--------------------------------------------------------------------------------------
Slack (MET) :             0.113ns  (arrival time - required time)
  Source:                 afifo_wptr_reg[3]/C
                            (rising edge-triggered cell FDRE clocked by sys_clk  {rise@0.000ns fall@2.500ns period=5.000ns})
  Destination:            afifo_b_reg_0_15_0_5/RAMA/WADR3
                            (rising edge-triggered cell RAMD32 clocked by sys_clk  {rise@0.000ns fall@2.500ns period=5.000ns})
  Path Group:             sys_clk
  Path Type:              Hold (Min at Fast Process Corner)
  Requirement:            0.000ns  (sys_clk rise@0.000ns - sys_clk rise@0.000ns)
  Data Path Delay:        0.337ns  (logic 0.128ns (38.009%)  route 0.209ns (61.991%))
  Logic Levels:           0
  Clock Path Skew:        0.037ns (DCD - SCD - CPR)
    Destination Clock Delay (DCD):    0.863ns
    Source Clock Delay      (SCD):    0.592ns
    Clock Pessimism Removal (CPR):    0.234ns

    Location             Delay type                Incr(ns)  Path(ns)    Netlist Resource(s)
  -------------------------------------------------------------------    -------------------
                         (clock sys_clk rise edge)    0.000     0.000 r
                                                      0.000     0.000 r  clk (IN)
                         net (fo=437, unset)          0.592     0.592    clk
    SLICE_X4Y72          FDRE                                         r  afifo_wptr_reg[3]/C
  -------------------------------------------------------------------    -------------------
    SLICE_X4Y72          FDRE (Prop_fdre_C_Q)         0.128     0.720 r  afifo_wptr_reg[3]/Q
                         net (fo=28, routed)          0.209     0.929    afifo_b_reg_0_15_0_5/ADDRD3
    SLICE_X2Y72          RAMD32                                       r  afifo_b_reg_0_15_0_5/RAMA/WADR3
  -------------------------------------------------------------------    -------------------

                         (clock sys_clk rise edge)    0.000     0.000 r
                                                      0.000     0.000 r  clk (IN)
                         net (fo=437, unset)          0.863     0.863    afifo_b_reg_0_15_0_5/WCLK
    SLICE_X2Y72          RAMD32                                       r  afifo_b_reg_0_15_0_5/RAMA/CLK
                         clock pessimism             -0.234     0.629
    SLICE_X2Y72          RAMD32 (Hold_ramd32_CLK_WADR3)
                                                      0.187     0.816    afifo_b_reg_0_15_0_5/RAMA
  -------------------------------------------------------------------
                         required time                         -0.816
                         arrival time                           0.929
  -------------------------------------------------------------------
                         slack                                  0.113





Pulse Width Checks
--------------------------------------------------------------------------------------
Clock Name:         sys_clk
Waveform(ns):       { 0.000 2.500 }
Period(ns):         5.000
Sources:            { clk }

Check Type        Corner  Lib Pin             Reference Pin  Required(ns)  Actual(ns)  Slack(ns)  Location      Pin
Min Period        n/a     RAMB18E1/CLKARDCLK  n/a            1.962         5.000       3.038      RAMB18_X0Y28  zidx_d1_reg/CLKARDCLK
Low Pulse Width   Slow    RAMD32/CLK          n/a            1.050         2.500       1.450      SLICE_X10Y71  afifo_a_reg_0_15_0_5/RAMA/CLK
High Pulse Width  Slow    RAMD32/CLK          n/a            1.050         2.500       1.450      SLICE_X10Y71  afifo_a_reg_0_15_0_5/RAMA/CLK



--------------------------------------------------------------------------------------
Path Group:  (none)
From Clock:
  To Clock:

Max Delay            12 Endpoints
Min Delay            12 Endpoints
--------------------------------------------------------------------------------------


Max Delay Paths
--------------------------------------------------------------------------------------
Slack:                    inf
  Source:                 ext_addr[0]
                            (input port)
  Destination:            ext_dout[10]
                            (output port)
  Path Group:             (none)
  Path Type:              Max at Slow Process Corner
  Data Path Delay:        4.184ns  (logic 0.444ns (10.611%)  route 3.740ns (89.389%))
  Logic Levels:           3  (LUT3=1 LUT6=1 RAMD64E=1)

    Location             Delay type                Incr(ns)  Path(ns)    Netlist Resource(s)
  -------------------------------------------------------------------    -------------------
                                                      0.000     0.000 r  ext_addr[0] (IN)
                         net (fo=4, unset)            0.704     0.704    u_agu/ext_addr[0]
    SLICE_X11Y70         LUT3 (Prop_lut3_I2_O)        0.107     0.811 r  u_agu/bank1_reg_r1_0_63_0_2_i_10/O
                         net (fo=48, routed)          1.253     2.064    u_mem/bank0_reg_r1_0_63_9_11/ADDRB0
    SLICE_X2Y77          RAMD64E (Prop_ramd64e_RADR0_O)
                                                      0.240     2.304 r  u_mem/bank0_reg_r1_0_63_9_11/RAMB/O
                         net (fo=1, routed)           1.079     3.383    u_mem/bank0_reg_r1_0_63_9_11_n_1
    SLICE_X14Y71         LUT6 (Prop_lut6_I3_O)        0.097     3.480 r  u_mem/ext_dout[10]_INST_0/O
                         net (fo=1, unset)            0.704     4.184    ext_dout[10]
                                                                      r  ext_dout[10] (OUT)
  -------------------------------------------------------------------    -------------------





Min Delay Paths
--------------------------------------------------------------------------------------
Slack:                    inf
  Source:                 ext_addr[2]
                            (input port)
  Destination:            ext_dout[0]
                            (output port)
  Path Group:             (none)
  Path Type:              Min at Fast Process Corner
  Data Path Delay:        1.249ns  (logic 0.090ns (7.204%)  route 1.159ns (92.796%))
  Logic Levels:           2  (LUT6=2)

    Location             Delay type                Incr(ns)  Path(ns)    Netlist Resource(s)
  -------------------------------------------------------------------    -------------------
                                                      0.000     0.000 r  ext_addr[2] (IN)
                         net (fo=4, unset)            0.411     0.411    u_controller/ext_addr[2]
    SLICE_X7Y71          LUT6 (Prop_lut6_I5_O)        0.045     0.456 r  u_controller/ext_dout[11]_INST_0_i_1/O
                         net (fo=12, routed)          0.338     0.794    u_mem/bank_rd0
    SLICE_X15Y71         LUT6 (Prop_lut6_I2_O)        0.045     0.839 r  u_mem/ext_dout[0]_INST_0/O
                         net (fo=1, unset)            0.411     1.249    ext_dout[0]
                                                                      r  ext_dout[0] (OUT)
  -------------------------------------------------------------------    -------------------





--------------------------------------------------------------------------------------
Path Group:  (none)
From Clock:  sys_clk
  To Clock:

Max Delay            14 Endpoints
Min Delay            14 Endpoints
--------------------------------------------------------------------------------------


Max Delay Paths
--------------------------------------------------------------------------------------
Slack:                    inf
  Source:                 done_delay_reg[0]/C
                            (rising edge-triggered cell FDRE clocked by sys_clk  {rise@0.000ns fall@2.500ns period=5.000ns})
  Destination:            ext_dout[10]
                            (output port)
  Path Group:             (none)
  Path Type:              Max at Slow Process Corner
  Data Path Delay:        5.233ns  (logic 1.074ns (20.525%)  route 4.159ns (79.475%))
  Logic Levels:           5  (LUT3=1 LUT5=1 LUT6=2 RAMD64E=1)
  Clock Uncertainty:      0.025ns  ((TSJ^2 + TIJ^2)^1/2 + DJ) / 2 + PE
    Total System Jitter     (TSJ):    0.050ns
    Total Input Jitter      (TIJ):    0.000ns
    Discrete Jitter          (DJ):    0.000ns
    Phase Error              (PE):    0.000ns

    Location             Delay type                Incr(ns)  Path(ns)    Netlist Resource(s)
  -------------------------------------------------------------------    -------------------
                         (clock sys_clk rise edge)    0.000     0.000 r
                                                      0.000     0.000 r  clk (IN)
                         net (fo=437, unset)          1.246     1.246    clk
    SLICE_X11Y71         FDRE                                         r  done_delay_reg[0]/C
  -------------------------------------------------------------------    -------------------
    SLICE_X11Y71         FDRE (Prop_fdre_C_Q)         0.313     1.559 r  done_delay_reg[0]/Q
                         net (fo=2, routed)           0.507     2.066    u_controller/Q[0]
    SLICE_X11Y71         LUT6 (Prop_lut6_I0_O)        0.212     2.278 r  u_controller/busy_INST_0_i_2/O
                         net (fo=1, routed)           0.174     2.452    u_controller/busy_INST_0_i_2_n_0
    SLICE_X11Y71         LUT5 (Prop_lut5_I4_O)        0.097     2.549 r  u_controller/busy_INST_0_i_1/O
                         net (fo=71, routed)          0.441     2.990    u_agu/b_st1_reg[0]
    SLICE_X11Y70         LUT3 (Prop_lut3_I1_O)        0.115     3.105 r  u_agu/bank1_reg_r1_0_63_0_2_i_10/O
                         net (fo=48, routed)          1.253     4.359    u_mem/bank0_reg_r1_0_63_9_11/ADDRB0
    SLICE_X2Y77          RAMD64E (Prop_ramd64e_RADR0_O)
                                                      0.240     4.599 r  u_mem/bank0_reg_r1_0_63_9_11/RAMB/O
                         net (fo=1, routed)           1.079     5.678    u_mem/bank0_reg_r1_0_63_9_11_n_1
    SLICE_X14Y71         LUT6 (Prop_lut6_I3_O)        0.097     5.775 r  u_mem/ext_dout[10]_INST_0/O
                         net (fo=1, unset)            0.704     6.479    ext_dout[10]
                                                                      r  ext_dout[10] (OUT)
  -------------------------------------------------------------------    -------------------





Min Delay Paths
--------------------------------------------------------------------------------------
Slack:                    inf
  Source:                 done_delay_reg[8]/C
                            (rising edge-triggered cell FDRE clocked by sys_clk  {rise@0.000ns fall@2.500ns period=5.000ns})
  Destination:            done
                            (output port)
  Path Group:             (none)
  Path Type:              Min at Fast Process Corner
  Data Path Delay:        0.552ns  (logic 0.141ns (25.556%)  route 0.411ns (74.444%))
  Logic Levels:           0
  Clock Uncertainty:      0.025ns  ((TSJ^2 + TIJ^2)^1/2 + DJ) / 2 + PE
    Total System Jitter     (TSJ):    0.050ns
    Total Input Jitter      (TIJ):    0.000ns
    Discrete Jitter          (DJ):    0.000ns
    Phase Error              (PE):    0.000ns

    Location             Delay type                Incr(ns)  Path(ns)    Netlist Resource(s)
  -------------------------------------------------------------------    -------------------
                         (clock sys_clk rise edge)    0.000     0.000 r
                                                      0.000     0.000 r  clk (IN)
                         net (fo=437, unset)          0.564     0.564    clk
    SLICE_X11Y72         FDRE                                         r  done_delay_reg[8]/C
  -------------------------------------------------------------------    -------------------
    SLICE_X11Y72         FDRE (Prop_fdre_C_Q)         0.141     0.705 r  done_delay_reg[8]/Q
                         net (fo=0)                   0.411     1.116    done
                                                                      r  done (OUT)
  -------------------------------------------------------------------    -------------------





--------------------------------------------------------------------------------------
Path Group:  (none)
From Clock:
  To Clock:  sys_clk

Max Delay          1304 Endpoints
Min Delay          1304 Endpoints
--------------------------------------------------------------------------------------


Max Delay Paths
--------------------------------------------------------------------------------------
Slack:                    inf
  Source:                 ext_addr[0]
                            (input port)
  Destination:            u_bf/a_st1_reg[10]/D
                            (rising edge-triggered cell FDRE clocked by sys_clk  {rise@0.000ns fall@2.500ns period=5.000ns})
  Path Group:             (none)
  Path Type:              Setup (Max at Slow Process Corner)
  Data Path Delay:        3.480ns  (logic 0.444ns (12.757%)  route 3.036ns (87.243%))
  Logic Levels:           3  (LUT3=1 LUT6=1 RAMD64E=1)
  Clock Path Skew:        1.144ns (DCD - SCD + CPR)
    Destination Clock Delay (DCD):    1.144ns
    Source Clock Delay      (SCD):    0.000ns
    Clock Pessimism Removal (CPR):    0.000ns
  Clock Uncertainty:      0.025ns  ((TSJ^2 + TIJ^2)^1/2 + DJ) / 2 + PE
    Total System Jitter     (TSJ):    0.050ns
    Total Input Jitter      (TIJ):    0.000ns
    Discrete Jitter          (DJ):    0.000ns
    Phase Error              (PE):    0.000ns

    Location             Delay type                Incr(ns)  Path(ns)    Netlist Resource(s)
  -------------------------------------------------------------------    -------------------
                                                      0.000     0.000 r  ext_addr[0] (IN)
                         net (fo=4, unset)            0.704     0.704    u_agu/ext_addr[0]
    SLICE_X11Y70         LUT3 (Prop_lut3_I2_O)        0.107     0.811 r  u_agu/bank1_reg_r1_0_63_0_2_i_10/O
                         net (fo=48, routed)          1.253     2.064    u_mem/bank0_reg_r1_0_63_9_11/ADDRB0
    SLICE_X2Y77          RAMD64E (Prop_ramd64e_RADR0_O)
                                                      0.240     2.304 r  u_mem/bank0_reg_r1_0_63_9_11/RAMB/O
                         net (fo=1, routed)           1.079     3.383    u_mem/bank0_reg_r1_0_63_9_11_n_1
    SLICE_X14Y71         LUT6 (Prop_lut6_I3_O)        0.097     3.480 r  u_mem/ext_dout[10]_INST_0/O
                         net (fo=1, routed)           0.000     3.480    u_bf/ext_dout[10]
    SLICE_X14Y71         FDRE                                         r  u_bf/a_st1_reg[10]/D
  -------------------------------------------------------------------    -------------------

                         (clock sys_clk rise edge)    0.000     0.000 r
                                                      0.000     0.000 r  clk (IN)
                         net (fo=437, unset)          1.144     1.144    u_bf/clk
    SLICE_X14Y71         FDRE                                         r  u_bf/a_st1_reg[10]/C





Min Delay Paths
--------------------------------------------------------------------------------------
Slack:                    inf
  Source:                 start
                            (input port)
  Destination:            start_d_reg/D
                            (rising edge-triggered cell FDRE clocked by sys_clk  {rise@0.000ns fall@2.500ns period=5.000ns})
  Path Group:             (none)
  Path Type:              Hold (Min at Fast Process Corner)
  Data Path Delay:        0.411ns  (logic 0.000ns (0.000%)  route 0.411ns (100.000%))
  Logic Levels:           0
  Clock Path Skew:        0.832ns (DCD - SCD - CPR)
    Destination Clock Delay (DCD):    0.832ns
    Source Clock Delay      (SCD):    0.000ns
    Clock Pessimism Removal (CPR):    -0.000ns

    Location             Delay type                Incr(ns)  Path(ns)    Netlist Resource(s)
  -------------------------------------------------------------------    -------------------
                                                      0.000     0.000 r  start (IN)
                         net (fo=2, unset)            0.411     0.411    start
    SLICE_X11Y72         FDRE                                         r  start_d_reg/D
  -------------------------------------------------------------------    -------------------

                         (clock sys_clk rise edge)    0.000     0.000 r
                                                      0.000     0.000 r  clk (IN)
                         net (fo=437, unset)          0.832     0.832    clk
    SLICE_X11Y72         FDRE                                         r  start_d_reg/C
