Copyright 1986-2022 Xilinx, Inc. All Rights Reserved. Copyright 2022-2026 Advanced Micro Devices, Inc. All Rights Reserved.
------------------------------------------------------------------------------------------------------------------------------------------------------------
| Tool Version : Vivado v.2025.2.1 (lin64) Build 6403652 Thu Mar 19 13:47:00 MDT 2026
| Date         : Wed Sep  9 14:11:47 2026
| Host         : localhost.localdomain running 64-bit AlmaLinux 10.2 (Lavender Lion)
| Command      : report_utilization -hierarchical -file /run/media/quan/Samsung/02_DuAn_LapTrinh/github-repo/ntt-mlkem/build/ppa/final/utilization_hier.rpt
| Design       : ntt_core_top
| Device       : xc7a100tfgg676-3
| Speed File   : -3
| Design State : Routed
------------------------------------------------------------------------------------------------------------------------------------------------------------

Utilization Design Information

Table of Contents
-----------------
1. Utilization by Hierarchy

1. Utilization by Hierarchy
---------------------------

+------------------+-----------------+------------+------------+---------+------+-----+--------+--------+------------+
|     Instance     |      Module     | Total LUTs | Logic LUTs | LUTRAMs | SRLs | FFs | RAMB36 | RAMB18 | DSP Blocks |
+------------------+-----------------+------------+------------+---------+------+-----+--------+--------+------------+
| ntt_core_top     |           (top) |        620 |        460 |     142 |   18 | 255 |      0 |      1 |          1 |
|   (ntt_core_top) |           (top) |         19 |          5 |      14 |    0 |  21 |      0 |      1 |          0 |
|   u_bf           |   ntt_butterfly |        320 |        302 |       0 |   18 | 183 |      0 |      0 |          1 |
|     (u_bf)       |   ntt_butterfly |        109 |         91 |       0 |   18 | 119 |      0 |      0 |          0 |
|     u_mul        | ntt_mod_mul_12b |        211 |        211 |       0 |    0 |  64 |      0 |      0 |          1 |
|   u_controller   |  ntt_controller |        124 |        124 |       0 |    0 |  35 |      0 |      0 |          0 |
|   u_mem          |    ntt_ram_dual |        152 |         24 |     128 |    0 |   0 |      0 |      0 |          0 |
+------------------+-----------------+------------+------------+---------+------+-----+--------+--------+------------+
* Note: The sum of lower-level cells may be larger than their parent cells total, due to cross-hierarchy LUT combining
